// Jest Snapshot v1, https://goo.gl/fbAQLP

exports[`finalMarkdownReport sample 1`] = `
"
# Portfolio


<details><summary><b>Funds status</b></summary>


| Currency |SEED1 | SEED2|
|--|--|--|
| Bitcoin | [🙏](https://blockstream.info/address/SU26L3FCVKVC6BDCOGDDV6QYDS72MB7DCYSF6RVUV6CW45FQI7PC7HKXCQ) | ✅ |
| Bitcoin Testnet | [🙏](https://live.blockcypher.com/btc-testnet/address/bc1q4wwuhvp882637t80khxxph6mx5wyfzy7t0j82m) | [🙏](https://live.blockcypher.com/btc-testnet/address/osmo13lshcl9qcv63ryc03zpw8lngnvyah2l67slpdr) |
| Bitcoin Cash | ❌ | [🙏](https://blockchair.com/bitcoin-cash/address/cro1nqy7500hrvxeu4wmffq4zr8gwgnff2evevhg40) |
| Bitcoin Gold | ✅ | ✅ |
| Dash | [🙏](https://explorer.dash.org/insight/address/AQXzh2M3TsveC7MSoH94TTHM3q2HM6UAvt) | [🙏](https://explorer.dash.org/insight/address/0x932E8214E25AceC996aD7d195339AF5139625065) |
| DigiByte | [🙏](https://digiexplorer.info/address/Xkt8DxeCUnB911XsAch34Bwe6qqSBbjE3r) | [🙏](https://digiexplorer.info/address/0x932E8214E25AceC996aD7d195339AF5139625065) |
| Dogecoin | [🙏](https://dogechain.info/address/dgb1qht909kw83mz0gaerewqnv88206wf94legzy7r4) | ✅ |
| Komodo | ✅ | [🙏](https://kmdexplorer.io/address/0x6999fB16d0bEccB7908A0C133441eC6A50c1deD2) |
| Litecoin | [🙏](https://live.blockcypher.com/ltc/address/RWksZkxzcEYoBqC1DM6PrXyKurXRew9EP2) | [🙏](https://live.blockcypher.com/ltc/address/0x932E8214E25AceC996aD7d195339AF5139625065) |
| Peercoin | [🙏](https://blockbook.peercoin.net/address/ltc1qv29jhv9fgevexgezrds4jrll87sqdnmz2q7ah5) | [🙏](https://blockbook.peercoin.net/address/0x932E8214E25AceC996aD7d195339AF5139625065) |
| PivX | [🙏](https://chainz.cryptoid.info/pivx/address.dws?P9xs8oGpD87RUWTvGuHqrzCZu1J6vP6tr2.htm) | [🙏](https://chainz.cryptoid.info/pivx/address.dws?0x932E8214E25AceC996aD7d195339AF5139625065.htm) |
| Qtum | [🙏](https://explorer.qtum.org/address/D7jqj2UpQqWe4EZhwcWDBDcatGjeVFzakr) | [🙏](https://explorer.qtum.org/address/0x932E8214E25AceC996aD7d195339AF5139625065) |
| Vertcoin | [🙏](https://vtcblocks.com/address/MFd4ugE9STPXmTGQqqxsfSdhNP5rx1y7we) | [🙏](https://vtcblocks.com/address/0x932E8214E25AceC996aD7d195339AF5139625065) |
| Viacoin | [🙏](https://explorer.viacoin.org/address/3CGsK5NhQWmdsCu5Ryq3thu1ufNYwPoYA3) | [🙏](https://explorer.viacoin.org/address/0x932E8214E25AceC996aD7d195339AF5139625065) |
| Zcash | [🙏](https://chain.so/address/ZEC/EZjc4W42JjgYyGt5YUGV4W2eGYD63vbYtw) | ❌ |
| Horizen | [🙏](https://explorer.zensystem.io/address/t1LkBfbXEmTwYtg6EYcLajMKND4H5ayZueq) | ⚠️ |
| Decred | [🙏](https://mainnet.decred.org/address/zneoegLhr8hh1JS6XaXrD7qGnnxqfcm4bRV) | [🙏](https://mainnet.decred.org/address/4fa92eaaac5210f1fec2228388f803dbf39428725dadfa025c0df125fcc6788f) |
| Cardano | [🙏](https://cardanoscan.io/address/DsZZvqfbnb2FtHmCzxXTMGXWqDNcrvGn4Ni) | ❌ |
| Celo | ❌ | [🙏](https://explorer.celo.org/address/rnmiQggEzwTHNqwJFpqYGgqt1rM7K5qPhw) |
| Axelar | [🙏](https://www.mintscan.io/axelar/validators/0x9De2c901184f274d9Ae65B6d4192Ced7Ff5e051C) | [🙏](https://www.mintscan.io/axelar/validators/8J1jPhJ1beLUJ9BLLZbRLFQtX1UWKrxiVbrvRtiPeEc9) |
| Cosmos | ✅ | ❌ |
| Osmosis | [🙏](https://www.mintscan.io/osmosis/validators/osmo13lshcl9qcv63ryc03zpw8lngnvyah2l67slpdr) | ✅ |
| Persistence | [🙏](https://www.mintscan.io/persistence/validators/cro1nqy7500hrvxeu4wmffq4zr8gwgnff2evevhg40) | ✅ |
| Quicksilver | ✅ | ? |
| Onomy | [🙏](https://www.mintscan.io/onomy-protocl/validators/0x932E8214E25AceC996aD7d195339AF5139625065) | ? |
| Crypto.org | [🙏](https://crypto.org/explorer/account/0x932E8214E25AceC996aD7d195339AF5139625065) | ? |
| MultiversX | ✅ | ? |
| Avalanche C-Chain | [🙏](https://cchain.explorer.avax.network/address/0x6999fB16d0bEccB7908A0C133441eC6A50c1deD2) | ? |
| Binance Smart Chain | [🙏](https://bscscan.com/address/0x932E8214E25AceC996aD7d195339AF5139625065) | ? |
| Polygon | [🙏](https://polygonscan.com/address/0x932E8214E25AceC996aD7d195339AF5139625065) | ? |
| Ethereum | [🙏](https://etherscan.io/address/0x932E8214E25AceC996aD7d195339AF5139625065) | ? |
| Ethereum Classic | [🙏](https://blockscout.com/etc/mainnet/address/0x932E8214E25AceC996aD7d195339AF5139625065/transactions) | ? |
| Ethereum Goerli | [🙏](https://goerli.etherscan.io/address/0x932E8214E25AceC996aD7d195339AF5139625065) | ? |
| Filecoin | [🙏](https://beryx.io/v1/explore/fil/mainnet/address/0x932E8214E25AceC996aD7d195339AF5139625065) | ? |
| Hedera | ❌ | ? |
| NEAR | ⚠️ | ? |
| XRP | [🙏](https://bithomp.com/explorer/4fa92eaaac5210f1fec2228388f803dbf39428725dadfa025c0df125fcc6788f) | ? |
| Solana | ❌ | ? |
| Stacks | [🙏](https://explorer.stacks.co/address/rnmiQggEzwTHNqwJFpqYGgqt1rM7K5qPhw) | ? |
| Stellar | ⚠️ | ? |
| Tezos | ❌ | ? |
| Tron | [🙏](https://tronscan.org/#/address/tz1TGUYUhWujaab8LfmrA55rfDzn5zvyBJUe) | ? |
| Algorand | ✅ | ? |
| Arbitrum Goerli | [🙏](https://goerli.arbiscan.io/address/SU26L3FCVKVC6BDCOGDDV6QYDS72MB7DCYSF6RVUV6CW45FQI7PC7HKXCQ) | ? |
| Cronos | [🙏](https://cronoscan.com/address/bc1q4wwuhvp882637t80khxxph6mx5wyfzy7t0j82m) | ? |
| Fantom | ❌ | ? |
| Flare | ✅ | ? |
| Songbird | [🙏](https://songbird-explorer.flare.network/address/AQXzh2M3TsveC7MSoH94TTHM3q2HM6UAvt/transactions) | ? |
| Moonbeam | [🙏](https://moonbeam.moonscan.io/address/Xkt8DxeCUnB911XsAch34Bwe6qqSBbjE3r) | ? |
| RSK | [🙏](https://explorer.rsk.co/address/dgb1qht909kw83mz0gaerewqnv88206wf94legzy7r4) | ? |
| Bittorent Chain | ✅ | ? |
| Kava EVM | [🙏](https://explorer.kava.io/address/RWksZkxzcEYoBqC1DM6PrXyKurXRew9EP2) | ? |
| Evmos EVM | [🙏](https://blockscout.evmos.org/address/ltc1qv29jhv9fgevexgezrds4jrll87sqdnmz2q7ah5) | ? |
| Optimism | [🙏](https://optimistic.etherscan.io/address/P9xs8oGpD87RUWTvGuHqrzCZu1J6vP6tr2) | ? |
| Optimism Goerli | [🙏](https://goerli-optimism.etherscan.io/address/D7jqj2UpQqWe4EZhwcWDBDcatGjeVFzakr) | ? |
| Energy Web | [🙏](https://explorer.energyweb.org/address/MFd4ugE9STPXmTGQqqxsfSdhNP5rx1y7we) | ? |
| Astar | [🙏](https://blockscout.com/astar/address/3CGsK5NhQWmdsCu5Ryq3thu1ufNYwPoYA3) | ? |
| Metis | [🙏](https://andromeda-explorer.metis.io/address/EZjc4W42JjgYyGt5YUGV4W2eGYD63vbYtw) | ? |
| Boba | ✅ | ? |
| Moonriver | [🙏](https://moonriver.moonscan.io/address/zneoegLhr8hh1JS6XaXrD7qGnnxqfcm4bRV) | ? |
| Velas EVM | [🙏](https://evmexplorer.velas.com/address/DsZZvqfbnb2FtHmCzxXTMGXWqDNcrvGn4Ni) | ? |
| Syscoin | ❌ | ? |
| Polkadot | [🙏](https://polkadot.subscan.io/account/0x9De2c901184f274d9Ae65B6d4192Ced7Ff5e051C) | ? |

</details>


<details><summary><b>Balances</b></summary>


| Currency |SEED1 | SEED2| Total |
|--|--|--|--|
| Bitcoin | 0 BTC | 0.0109641 BTC |0.0109641 BTC |
| Bitcoin Testnet | 0 𝚝BTC | 0 𝚝BTC |0 𝚝BTC |
| Bitcoin Cash | ❌ | 0 BCH |0 BCH |
| Bitcoin Gold | 0.00594326 BTG | 2,000,000 BTG |2,000,000 BTG |
| Dash | 0 DASH | 0 DASH |0 DASH |
| DigiByte | 0 DGB | 0 DGB |0 DGB |
| Dogecoin | 0 DOGE | 264,410,212 DOGE |264,410,212 DOGE |
| Komodo | 7.47896 KMD | 0 KMD |7.47896 KMD |
| Litecoin | 0 LTC | 0 LTC |0 LTC |
| Peercoin | 0 PPC | 0 PPC |0 PPC |
| PivX | 0 PIVX | 0 PIVX |0 PIVX |
| Qtum | 0 QTUM | 0 QTUM |0 QTUM |
| Vertcoin | 0 VTC | 0 VTC |0 VTC |
| Viacoin | 0 VIA | 0 VIA |0 VIA |
| Zcash | 0 ZEC | ❌ |0 ZEC |
| Horizen | 0.00656479 ZEN | 0 ZEN |0.00656479 ZEN |
| Decred | 0 DCR | 0 DCR |0 DCR |
| Cardano | 0 ADA | ❌ |0 ADA |
| Celo | ❌ | 0 CELO |0 CELO |
| Axelar | 0 AXL | 0 AXL |0 AXL |
| Cosmos | 1.09641 ATOM | ❌ |1.09641 ATOM |
| Osmosis | 0 OSMO | 0.206466 OSMO |0.206466 OSMO |
| Persistence | 0 XPRT | 16.4056 XPRT |16.4056 XPRT |
| Quicksilver | 200,000,000 QCK | ? |200,000,000 QCK |
| Onomy | 0 NOM | ? |0 NOM |
| Crypto.org | 0 CRO | ? |0 CRO |
| MultiversX | 0.026441 EGLD | ? |0.026441 EGLD |
| Avalanche C-Chain | 0 AVAX | ? |0 AVAX |
| Binance Smart Chain | 0 BNB | ? |0 BNB |
| Polygon | 0 MATIC | ? |0 MATIC |
| Ethereum | 0 ETH | ? |0 ETH |
| Ethereum Classic | 0 ETC | ? |0 ETC |
| Ethereum Goerli | 0 𝚝ETH | ? |0 𝚝ETH |
| Filecoin | 0 FIL | ? |0 FIL |
| Hedera | ❌ | ? |0 HBAR |
| NEAR | 0 NEAR | ? |0 NEAR |
| XRP | 0 XRP | ? |0 XRP |
| Solana | ❌ | ? |0 SOL |
| Stacks | 0 STX | ? |0 STX |
| Stellar | 0 XLM | ? |0 XLM |
| Tezos | ❌ | ? |0 XTZ |
| Tron | 0.206466 TRX | ? |0.206466 TRX |
| Algorand | 16.4056 ALGO | ? |16.4056 ALGO |
| Arbitrum Goerli | 0 𝚝ETH | ? |0 𝚝ETH |
| Cronos | 0 CRO | ? |0 CRO |
| Fantom | ❌ | ? |0 FTM |
| Flare | 0 FLR | ? |0 FLR |
| Songbird | 0 SGB | ? |0 SGB |
| Moonbeam | 0 GLMR | ? |0 GLMR |
| RSK | 0 RBTC | ? |0 RBTC |
| Bittorent Chain | 0 BTT | ? |0 BTT |
| Kava EVM | 0 KAVA | ? |0 KAVA |
| Evmos EVM | 0 EVMOS | ? |0 EVMOS |
| Optimism | 0 ETH | ? |0 ETH |
| Optimism Goerli | 0 𝚝ETH | ? |0 𝚝ETH |
| Energy Web | 0 EWT | ? |0 EWT |
| Astar | 0 ASTR | ? |0 ASTR |
| Metis | 0 METIS | ? |0 METIS |
| Boba | 0 ETH | ? |0 ETH |
| Moonriver | 0 MOVR | ? |0 MOVR |
| Velas EVM | 0 VLX | ? |0 VLX |
| Syscoin | ❌ | ? |0 SYS |
| Polkadot | 0 DOT | ? |0 DOT |

</details>


<details><summary><b>Accounts count</b></summary>


| Currency |SEED1 | SEED2| Total |
|--|--|--|--|
| **Bitcoin** family | 43 |51 |94 |
| Bitcoin | 1 | 27 |28 |
| Bitcoin Testnet | 4 | 1 |5 |
| Bitcoin Cash | ❌ | 1 |1 |
| Bitcoin Gold | 7 | 6 |13 |
| Dash | 2 | 1 |3 |
| DigiByte | 1 | 1 |2 |
| Dogecoin | 3 | 5 |8 |
| Komodo | 7 | 1 |8 |
| Litecoin | 1 | 1 |2 |
| Peercoin | 3 | 1 |4 |
| PivX | 1 | 1 |2 |
| Qtum | 1 | 1 |2 |
| Vertcoin | 2 | 1 |3 |
| Viacoin | 2 | 1 |3 |
| Zcash | 2 | ❌ |2 |
| Horizen | 5 | 0 |5 |
| Decred | 1 | 2 |3 |
| **Cardano** | 1 | ❌ |1 |
| **Celo** | ❌ | 1 |1 |
| **Cosmos** family | 37 |14 |51 |
| Axelar | 1 | 1 |2 |
| Cosmos | 27 | ❌ |27 |
| Osmosis | 1 | 5 |6 |
| Persistence | 1 | 8 |9 |
| Quicksilver | 6 | ? |6 |
| Onomy | 1 | ? |1 |
| **Crypto.org** | 1 | ? |1 |
| **MultiversX** | 5 | ? |5 |
| **Ethereum** family | 6 |0 |6 |
| Avalanche C-Chain | 1 | ? |1 |
| Binance Smart Chain | 1 | ? |1 |
| Polygon | 1 | ? |1 |
| Ethereum | 1 | ? |1 |
| Ethereum Classic | 1 | ? |1 |
| Ethereum Goerli | 1 | ? |1 |
| **Filecoin** | 1 | ? |1 |
| **Hedera** | ❌ | ? |0 |
| **NEAR** | 0 | ? |0 |
| **XRP** | 2 | ? |2 |
| **Solana** | ❌ | ? |0 |
| **Stacks** | 1 | ? |1 |
| **Stellar** | 1 | ? |1 |
| **Tezos** | ❌ | ? |0 |
| **Tron** | 5 | ? |5 |
| **Algorand** | 8 | ? |8 |
| **evm** family | 44 |0 |44 |
| Arbitrum Goerli | 1 | ? |1 |
| Cronos | 4 | ? |4 |
| Fantom | ❌ | ? |0 |
| Flare | 7 | ? |7 |
| Songbird | 2 | ? |2 |
| Moonbeam | 1 | ? |1 |
| RSK | 3 | ? |3 |
| Bittorent Chain | 7 | ? |7 |
| Kava EVM | 1 | ? |1 |
| Evmos EVM | 3 | ? |3 |
| Optimism | 1 | ? |1 |
| Optimism Goerli | 1 | ? |1 |
| Energy Web | 2 | ? |2 |
| Astar | 2 | ? |2 |
| Metis | 2 | ? |2 |
| Boba | 5 | ? |5 |
| Moonriver | 1 | ? |1 |
| Velas EVM | 1 | ? |1 |
| Syscoin | ❌ | ? |0 |
| **Polkadot** | 1 | ? |1 |
| **Total** | 156 |66 |222 |

</details>


<details><summary><b>Operations count</b></summary>


| Currency |SEED1 | SEED2| Total |
|--|--|--|--|
| **Bitcoin** family | 744 |409 |1153 |
| Bitcoin | 0 | 326 |326 |
| Bitcoin Testnet | 0 | 0 |0 |
| Bitcoin Cash | ❌ | 0 |0 |
| Bitcoin Gold | 172 | 33 |205 |
| Dash | 0 | 0 |0 |
| DigiByte | 0 | 0 |0 |
| Dogecoin | 0 | 50 |50 |
| Komodo | 312 | 0 |312 |
| Litecoin | 0 | 0 |0 |
| Peercoin | 0 | 0 |0 |
| PivX | 0 | 0 |0 |
| Qtum | 0 | 0 |0 |
| Vertcoin | 0 | 0 |0 |
| Viacoin | 0 | 0 |0 |
| Zcash | 0 | ❌ |0 |
| Horizen | 260 | 0 |260 |
| Decred | 0 | 0 |0 |
| **Cardano** | 0 | ❌ |0 |
| **Celo** | ❌ | 0 |0 |
| **Cosmos** family | 359 |253 |612 |
| Axelar | 0 | 0 |0 |
| Cosmos | 326 | ❌ |326 |
| Osmosis | 0 | 48 |48 |
| Persistence | 0 | 205 |205 |
| Quicksilver | 33 | ? |33 |
| Onomy | 0 | ? |0 |
| **Crypto.org** | 0 | ? |0 |
| **MultiversX** | 50 | ? |50 |
| **Ethereum** family | 0 |0 |0 |
| Avalanche C-Chain | 0 | ? |0 |
| Binance Smart Chain | 0 | ? |0 |
| Polygon | 0 | ? |0 |
| Ethereum | 0 | ? |0 |
| Ethereum Classic | 0 | ? |0 |
| Ethereum Goerli | 0 | ? |0 |
| **Filecoin** | 0 | ? |0 |
| **Hedera** | ❌ | ? |0 |
| **NEAR** | 0 | ? |0 |
| **XRP** | 0 | ? |0 |
| **Solana** | ❌ | ? |0 |
| **Stacks** | 0 | ? |0 |
| **Stellar** | 0 | ? |0 |
| **Tezos** | ❌ | ? |0 |
| **Tron** | 48 | ? |48 |
| **Algorand** | 205 | ? |205 |
| **evm** family | 744 |0 |744 |
| Arbitrum Goerli | 0 | ? |0 |
| Cronos | 0 | ? |0 |
| Fantom | ❌ | ? |0 |
| Flare | 172 | ? |172 |
| Songbird | 0 | ? |0 |
| Moonbeam | 0 | ? |0 |
| RSK | 0 | ? |0 |
| Bittorent Chain | 312 | ? |312 |
| Kava EVM | 0 | ? |0 |
| Evmos EVM | 0 | ? |0 |
| Optimism | 0 | ? |0 |
| Optimism Goerli | 0 | ? |0 |
| Energy Web | 0 | ? |0 |
| Astar | 0 | ? |0 |
| Metis | 0 | ? |0 |
| Boba | 260 | ? |260 |
| Moonriver | 0 | ? |0 |
| Velas EVM | 0 | ? |0 |
| Syscoin | ❌ | ? |0 |
| **Polkadot** | 0 | ? |0 |
| **Total** | 2150 |662 |2812 |

</details>


# Performance


<details><summary><b>Sync Times</b></summary>


| Currency |SEED1 | SEED2| Total |
|--|--|--|--|
| **Bitcoin** family |  | | |
| Bitcoin | 4.68s | 171s |175s |
| Bitcoin Testnet | 31s | 7.35s |38s |
| Bitcoin Cash | ❌ | 11s | |
| Bitcoin Gold | 550s | 24s |574s |
| Dash | 25s | 38s |63s |
| DigiByte | 17s | 11s |28s |
| Dogecoin | 22s | 102s |124s |
| Komodo | 120s | 31s |151s |
| Litecoin | 7.01s | 16s |23s |
| Peercoin | 124s | 1.78s |126s |
| PivX | 8.39s | 1.09s |9s |
| Qtum | 3.48s | 1.20s |4.67s |
| Vertcoin | 23s | 0.93s |24s |
| Viacoin | 30s | 0.98s |31s |
| Zcash | 13s | ❌ | |
| Horizen | 317s | 0.69s |318s |
| Decred | 31s | 15s |45s |
| **Cardano** | 91s | ❌ | |
| **Celo** | ❌ | 0.53s | |
| **Cosmos** family | 259s | | |
| Axelar | 8.28s | 22s |30s |
| Cosmos | 171s | ❌ | |
| Osmosis | 7.35s | 14s |21s |
| Persistence | 11s | 175s |185s |
| Quicksilver | 24s | ? |24s |
| Onomy | 38s | ? |38s |
| **Crypto.org** | 11s | ? |11s |
| **MultiversX** | 102s | ? |102s |
| **Ethereum** family | 52s | |52s |
| Avalanche C-Chain | 31s | ? |31s |
| Binance Smart Chain | 16s | ? |16s |
| Polygon | 1.78s | ? |1.78s |
| Ethereum | 1.09s | ? |1.09s |
| Ethereum Classic | 1.20s | ? |1.20s |
| Ethereum Goerli | 0.93s | ? |0.93s |
| **Filecoin** | 0.98s | ? |0.98s |
| **Hedera** | ❌ | ? | |
| **NEAR** | 0.69s | ? |0.69s |
| **XRP** | 15s | ? |15s |
| **Solana** | ❌ | ? | |
| **Stacks** | 0.53s | ? |0.53s |
| **Stellar** | 22s | ? |22s |
| **Tezos** | ❌ | ? | |
| **Tron** | 14s | ? |14s |
| **Algorand** | 175s | ? |175s |
| **evm** family |  | | |
| Arbitrum Goerli | 4.68s | ? |4.68s |
| Cronos | 31s | ? |31s |
| Fantom | ❌ | ? | |
| Flare | 550s | ? |550s |
| Songbird | 25s | ? |25s |
| Moonbeam | 17s | ? |17s |
| RSK | 22s | ? |22s |
| Bittorent Chain | 120s | ? |120s |
| Kava EVM | 7.01s | ? |7.01s |
| Evmos EVM | 124s | ? |124s |
| Optimism | 8.39s | ? |8.39s |
| Optimism Goerli | 3.48s | ? |3.48s |
| Energy Web | 23s | ? |23s |
| Astar | 30s | ? |30s |
| Metis | 13s | ? |13s |
| Boba | 317s | ? |317s |
| Moonriver | 31s | ? |31s |
| Velas EVM | 91s | ? |91s |
| Syscoin | ❌ | ? | |
| **Polkadot** | 8.28s | ? |8.28s |
| **Total** |  | | |

</details>


<details><summary><b>HTTP Calls Count</b></summary>


| Currency |SEED1 | SEED2| Total |
|--|--|--|--|
| **Bitcoin** family | 0 |0 |0 |
| Bitcoin | 0 | 0 |0 |
| Bitcoin Testnet | 0 | 0 |0 |
| Bitcoin Cash | ❌ | 0 |0 |
| Bitcoin Gold | 0 | 0 |0 |
| Dash | 0 | 0 |0 |
| DigiByte | 0 | 0 |0 |
| Dogecoin | 0 | 0 |0 |
| Komodo | 0 | 0 |0 |
| Litecoin | 0 | 0 |0 |
| Peercoin | 0 | 0 |0 |
| PivX | 0 | 0 |0 |
| Qtum | 0 | 0 |0 |
| Vertcoin | 0 | 0 |0 |
| Viacoin | 0 | 0 |0 |
| Zcash | 0 | ❌ |0 |
| Horizen | 0 | 0 |0 |
| Decred | 0 | 0 |0 |
| **Cardano** | 0 | ❌ |0 |
| **Celo** | ❌ | 0 |0 |
| **Cosmos** family | 0 |0 |0 |
| Axelar | 0 | 0 |0 |
| Cosmos | 0 | ❌ |0 |
| Osmosis | 0 | 0 |0 |
| Persistence | 0 | 0 |0 |
| Quicksilver | 0 | ? |0 |
| Onomy | 0 | ? |0 |
| **Crypto.org** | 0 | ? |0 |
| **MultiversX** | 0 | ? |0 |
| **Ethereum** family | 0 |0 |0 |
| Avalanche C-Chain | 0 | ? |0 |
| Binance Smart Chain | 0 | ? |0 |
| Polygon | 0 | ? |0 |
| Ethereum | 0 | ? |0 |
| Ethereum Classic | 0 | ? |0 |
| Ethereum Goerli | 0 | ? |0 |
| **Filecoin** | 0 | ? |0 |
| **Hedera** | ❌ | ? |0 |
| **NEAR** | 0 | ? |0 |
| **XRP** | 0 | ? |0 |
| **Solana** | ❌ | ? |0 |
| **Stacks** | 0 | ? |0 |
| **Stellar** | 0 | ? |0 |
| **Tezos** | ❌ | ? |0 |
| **Tron** | 0 | ? |0 |
| **Algorand** | 0 | ? |0 |
| **evm** family | 0 |0 |0 |
| Arbitrum Goerli | 0 | ? |0 |
| Cronos | 0 | ? |0 |
| Fantom | ❌ | ? |0 |
| Flare | 0 | ? |0 |
| Songbird | 0 | ? |0 |
| Moonbeam | 0 | ? |0 |
| RSK | 0 | ? |0 |
| Bittorent Chain | 0 | ? |0 |
| Kava EVM | 0 | ? |0 |
| Evmos EVM | 0 | ? |0 |
| Optimism | 0 | ? |0 |
| Optimism Goerli | 0 | ? |0 |
| Energy Web | 0 | ? |0 |
| Astar | 0 | ? |0 |
| Metis | 0 | ? |0 |
| Boba | 0 | ? |0 |
| Moonriver | 0 | ? |0 |
| Velas EVM | 0 | ? |0 |
| Syscoin | ❌ | ? |0 |
| **Polkadot** | 0 | ? |0 |
| **Total** | 0 |0 |0 |

</details>


<details><summary><b>HTTP Bandwidth</b></summary>


| Currency |SEED1 | SEED2| Total |
|--|--|--|--|
| **Bitcoin** family |  | | |
| Bitcoin |  |  | |
| Bitcoin Testnet |  |  | |
| Bitcoin Cash | ❌ |  | |
| Bitcoin Gold |  |  | |
| Dash |  |  | |
| DigiByte |  |  | |
| Dogecoin |  |  | |
| Komodo |  |  | |
| Litecoin |  |  | |
| Peercoin |  |  | |
| PivX |  |  | |
| Qtum |  |  | |
| Vertcoin |  |  | |
| Viacoin |  |  | |
| Zcash |  | ❌ | |
| Horizen |  |  | |
| Decred |  |  | |
| **Cardano** |  | ❌ | |
| **Celo** | ❌ |  | |
| **Cosmos** family |  | | |
| Axelar |  |  | |
| Cosmos |  | ❌ | |
| Osmosis |  |  | |
| Persistence |  |  | |
| Quicksilver |  | ? | |
| Onomy |  | ? | |
| **Crypto.org** |  | ? | |
| **MultiversX** |  | ? | |
| **Ethereum** family |  | | |
| Avalanche C-Chain |  | ? | |
| Binance Smart Chain |  | ? | |
| Polygon |  | ? | |
| Ethereum |  | ? | |
| Ethereum Classic |  | ? | |
| Ethereum Goerli |  | ? | |
| **Filecoin** |  | ? | |
| **Hedera** | ❌ | ? | |
| **NEAR** |  | ? | |
| **XRP** |  | ? | |
| **Solana** | ❌ | ? | |
| **Stacks** |  | ? | |
| **Stellar** |  | ? | |
| **Tezos** | ❌ | ? | |
| **Tron** |  | ? | |
| **Algorand** |  | ? | |
| **evm** family |  | | |
| Arbitrum Goerli |  | ? | |
| Cronos |  | ? | |
| Fantom | ❌ | ? | |
| Flare |  | ? | |
| Songbird |  | ? | |
| Moonbeam |  | ? | |
| RSK |  | ? | |
| Bittorent Chain |  | ? | |
| Kava EVM |  | ? | |
| Evmos EVM |  | ? | |
| Optimism |  | ? | |
| Optimism Goerli |  | ? | |
| Energy Web |  | ? | |
| Astar |  | ? | |
| Metis |  | ? | |
| Boba |  | ? | |
| Moonriver |  | ? | |
| Velas EVM |  | ? | |
| Syscoin | ❌ | ? | |
| **Polkadot** |  | ? | |
| **Total** |  | | |

</details>


<details><summary><b>Duplicate HTTP Calls</b></summary>


| Currency |SEED1 | SEED2| Total |
|--|--|--|--|
| **Bitcoin** family | 0 |0 |0 |
| Bitcoin | 0 | 0 |0 |
| Bitcoin Testnet | 0 | 0 |0 |
| Bitcoin Cash | ❌ | 0 |0 |
| Bitcoin Gold | 0 | 0 |0 |
| Dash | 0 | 0 |0 |
| DigiByte | 0 | 0 |0 |
| Dogecoin | 0 | 0 |0 |
| Komodo | 0 | 0 |0 |
| Litecoin | 0 | 0 |0 |
| Peercoin | 0 | 0 |0 |
| PivX | 0 | 0 |0 |
| Qtum | 0 | 0 |0 |
| Vertcoin | 0 | 0 |0 |
| Viacoin | 0 | 0 |0 |
| Zcash | 0 | ❌ |0 |
| Horizen | 0 | 0 |0 |
| Decred | 0 | 0 |0 |
| **Cardano** | 0 | ❌ |0 |
| **Celo** | ❌ | 0 |0 |
| **Cosmos** family | 0 |0 |0 |
| Axelar | 0 | 0 |0 |
| Cosmos | 0 | ❌ |0 |
| Osmosis | 0 | 0 |0 |
| Persistence | 0 | 0 |0 |
| Quicksilver | 0 | ? |0 |
| Onomy | 0 | ? |0 |
| **Crypto.org** | 0 | ? |0 |
| **MultiversX** | 0 | ? |0 |
| **Ethereum** family | 0 |0 |0 |
| Avalanche C-Chain | 0 | ? |0 |
| Binance Smart Chain | 0 | ? |0 |
| Polygon | 0 | ? |0 |
| Ethereum | 0 | ? |0 |
| Ethereum Classic | 0 | ? |0 |
| Ethereum Goerli | 0 | ? |0 |
| **Filecoin** | 0 | ? |0 |
| **Hedera** | ❌ | ? |0 |
| **NEAR** | 0 | ? |0 |
| **XRP** | 0 | ? |0 |
| **Solana** | ❌ | ? |0 |
| **Stacks** | 0 | ? |0 |
| **Stellar** | 0 | ? |0 |
| **Tezos** | ❌ | ? |0 |
| **Tron** | 0 | ? |0 |
| **Algorand** | 0 | ? |0 |
| **evm** family | 0 |0 |0 |
| Arbitrum Goerli | 0 | ? |0 |
| Cronos | 0 | ? |0 |
| Fantom | ❌ | ? |0 |
| Flare | 0 | ? |0 |
| Songbird | 0 | ? |0 |
| Moonbeam | 0 | ? |0 |
| RSK | 0 | ? |0 |
| Bittorent Chain | 0 | ? |0 |
| Kava EVM | 0 | ? |0 |
| Evmos EVM | 0 | ? |0 |
| Optimism | 0 | ? |0 |
| Optimism Goerli | 0 | ? |0 |
| Energy Web | 0 | ? |0 |
| Astar | 0 | ? |0 |
| Metis | 0 | ? |0 |
| Boba | 0 | ? |0 |
| Moonriver | 0 | ? |0 |
| Velas EVM | 0 | ? |0 |
| Syscoin | ❌ | ? |0 |
| **Polkadot** | 0 | ? |0 |
| **Total** | 0 |0 |0 |

</details>


<details><summary><b>Accounts Data Size</b></summary>


| Currency |SEED1 | SEED2| Total |
|--|--|--|--|
| **Bitcoin** family |  | | |
| Bitcoin |  |  | |
| Bitcoin Testnet |  |  | |
| Bitcoin Cash | ❌ |  | |
| Bitcoin Gold |  |  | |
| Dash |  |  | |
| DigiByte |  |  | |
| Dogecoin |  |  | |
| Komodo | 827kb |  | |
| Litecoin |  |  | |
| Peercoin |  |  | |
| PivX |  |  | |
| Qtum |  |  | |
| Vertcoin |  |  | |
| Viacoin |  |  | |
| Zcash |  | ❌ | |
| Horizen |  |  | |
| Decred |  |  | |
| **Cardano** |  | ❌ | |
| **Celo** | ❌ |  | |
| **Cosmos** family |  | | |
| Axelar |  |  | |
| Cosmos |  | ❌ | |
| Osmosis |  |  | |
| Persistence |  |  | |
| Quicksilver |  | ? | |
| Onomy |  | ? | |
| **Crypto.org** |  | ? | |
| **MultiversX** |  | ? | |
| **Ethereum** family |  | | |
| Avalanche C-Chain |  | ? | |
| Binance Smart Chain |  | ? | |
| Polygon |  | ? | |
| Ethereum |  | ? | |
| Ethereum Classic |  | ? | |
| Ethereum Goerli |  | ? | |
| **Filecoin** |  | ? | |
| **Hedera** | ❌ | ? | |
| **NEAR** |  | ? | |
| **XRP** |  | ? | |
| **Solana** | ❌ | ? | |
| **Stacks** |  | ? | |
| **Stellar** |  | ? | |
| **Tezos** | ❌ | ? | |
| **Tron** |  | ? | |
| **Algorand** |  | ? | |
| **evm** family |  | | |
| Arbitrum Goerli |  | ? | |
| Cronos |  | ? | |
| Fantom | ❌ | ? | |
| Flare |  | ? | |
| Songbird |  | ? | |
| Moonbeam |  | ? | |
| RSK |  | ? | |
| Bittorent Chain | 827kb | ? |827kb |
| Kava EVM |  | ? | |
| Evmos EVM |  | ? | |
| Optimism |  | ? | |
| Optimism Goerli |  | ? | |
| Energy Web |  | ? | |
| Astar |  | ? | |
| Metis |  | ? | |
| Boba |  | ? | |
| Moonriver |  | ? | |
| Velas EVM |  | ? | |
| Syscoin | ❌ | ? | |
| **Polkadot** |  | ? | |
| **Total** |  | | |

</details>


<details><summary><b>Currency Preloaded Data Size</b></summary>


| Currency |SEED1 | SEED2| Total |
|--|--|--|--|
| **Bitcoin** family |  | | |
| Bitcoin |  |  | |
| Bitcoin Testnet |  |  | |
| Bitcoin Cash | ❌ |  | |
| Bitcoin Gold |  |  | |
| Dash |  |  | |
| DigiByte |  |  | |
| Dogecoin |  |  | |
| Komodo | 0kb |  | |
| Litecoin |  |  | |
| Peercoin |  |  | |
| PivX |  |  | |
| Qtum |  |  | |
| Vertcoin |  |  | |
| Viacoin |  |  | |
| Zcash |  | ❌ | |
| Horizen |  |  | |
| Decred |  |  | |
| **Cardano** |  | ❌ | |
| **Celo** | ❌ |  | |
| **Cosmos** family |  | | |
| Axelar |  |  | |
| Cosmos |  | ❌ | |
| Osmosis |  |  | |
| Persistence |  |  | |
| Quicksilver |  | ? | |
| Onomy |  | ? | |
| **Crypto.org** |  | ? | |
| **MultiversX** |  | ? | |
| **Ethereum** family |  | | |
| Avalanche C-Chain |  | ? | |
| Binance Smart Chain |  | ? | |
| Polygon |  | ? | |
| Ethereum |  | ? | |
| Ethereum Classic |  | ? | |
| Ethereum Goerli |  | ? | |
| **Filecoin** |  | ? | |
| **Hedera** | ❌ | ? | |
| **NEAR** |  | ? | |
| **XRP** |  | ? | |
| **Solana** | ❌ | ? | |
| **Stacks** |  | ? | |
| **Stellar** |  | ? | |
| **Tezos** | ❌ | ? | |
| **Tron** |  | ? | |
| **Algorand** |  | ? | |
| **evm** family |  | | |
| Arbitrum Goerli |  | ? | |
| Cronos |  | ? | |
| Fantom | ❌ | ? | |
| Flare |  | ? | |
| Songbird |  | ? | |
| Moonbeam |  | ? | |
| RSK |  | ? | |
| Bittorent Chain | 0kb | ? |0kb |
| Kava EVM |  | ? | |
| Evmos EVM |  | ? | |
| Optimism |  | ? | |
| Optimism Goerli |  | ? | |
| Energy Web |  | ? | |
| Astar |  | ? | |
| Metis |  | ? | |
| Boba |  | ? | |
| Moonriver |  | ? | |
| Velas EVM |  | ? | |
| Syscoin | ❌ | ? | |
| **Polkadot** |  | ? | |
| **Total** |  | | |

</details>


<details><summary><b>CPU user time</b></summary>


| Currency |SEED1 | SEED2| Total |
|--|--|--|--|
| **Bitcoin** family |  | | |
| Bitcoin | 0.04s | 2.05s |2.09s |
| Bitcoin Testnet | 1.14s | 0.08s |1.22s |
| Bitcoin Cash | ❌ | 0.09s | |
| Bitcoin Gold | 2.67s | 0.94s |3.61s |
| Dash | 1.14s | 0.91s |2.05s |
| DigiByte | 0.16s | 0.17s |0.33s |
| Dogecoin | 0.51s | 1.68s |2.19s |
| Komodo | 3.34s | 1.00s |4.34s |
| Litecoin | 0.15s | 0.17s |0.32s |
| Peercoin | 1.16s | 0.09s |1.25s |
| PivX | 0.15s | 0.07s |0.22s |
| Qtum | 0.14s | 0.08s |0.23s |
| Vertcoin | 0.76s | 0.07s |0.84s |
| Viacoin | 1.06s | 0.08s |1.14s |
| Zcash | 0.20s | ❌ | |
| Horizen | 1.84s | 0.04s |1.88s |
| Decred | 0.99s | 0.44s |1.44s |
| **Cardano** | 0.98s | ❌ | |
| **Celo** | ❌ | 0.04s | |
| **Cosmos** family | 4.17s | | |
| Axelar | 0.11s | 0.37s |0.48s |
| Cosmos | 2.05s | ❌ | |
| Osmosis | 0.08s | 0.15s |0.23s |
| Persistence | 0.09s | 4.20s |4.29s |
| Quicksilver | 0.94s | ? |0.94s |
| Onomy | 0.91s | ? |0.91s |
| **Crypto.org** | 0.17s | ? |0.17s |
| **MultiversX** | 1.68s | ? |1.68s |
| **Ethereum** family | 1.49s | |1.49s |
| Avalanche C-Chain | 1.00s | ? |1.00s |
| Binance Smart Chain | 0.17s | ? |0.17s |
| Polygon | 0.09s | ? |0.09s |
| Ethereum | 0.07s | ? |0.07s |
| Ethereum Classic | 0.08s | ? |0.08s |
| Ethereum Goerli | 0.07s | ? |0.07s |
| **Filecoin** | 0.08s | ? |0.08s |
| **Hedera** | ❌ | ? | |
| **NEAR** | 0.04s | ? |0.04s |
| **XRP** | 0.44s | ? |0.44s |
| **Solana** | ❌ | ? | |
| **Stacks** | 0.04s | ? |0.04s |
| **Stellar** | 0.37s | ? |0.37s |
| **Tezos** | ❌ | ? | |
| **Tron** | 0.15s | ? |0.15s |
| **Algorand** | 4.20s | ? |4.20s |
| **evm** family |  | | |
| Arbitrum Goerli | 0.04s | ? |0.04s |
| Cronos | 1.14s | ? |1.14s |
| Fantom | ❌ | ? | |
| Flare | 2.67s | ? |2.67s |
| Songbird | 1.14s | ? |1.14s |
| Moonbeam | 0.16s | ? |0.16s |
| RSK | 0.51s | ? |0.51s |
| Bittorent Chain | 3.34s | ? |3.34s |
| Kava EVM | 0.15s | ? |0.15s |
| Evmos EVM | 1.16s | ? |1.16s |
| Optimism | 0.15s | ? |0.15s |
| Optimism Goerli | 0.14s | ? |0.14s |
| Energy Web | 0.76s | ? |0.76s |
| Astar | 1.06s | ? |1.06s |
| Metis | 0.20s | ? |0.20s |
| Boba | 1.84s | ? |1.84s |
| Moonriver | 0.99s | ? |0.99s |
| Velas EVM | 0.98s | ? |0.98s |
| Syscoin | ❌ | ? | |
| **Polkadot** | 0.11s | ? |0.11s |
| **Total** |  | | |

</details>


<details><summary><b>Memory RSS</b></summary>


| Currency |SEED1 | SEED2|
|--|--|--|
| Bitcoin | 279mb | 224mb |
| Bitcoin Testnet | 226mb | 265mb |
| Bitcoin Cash | ❌ | 262mb |
| Bitcoin Gold | 223mb | 223mb |
| Dash | 224mb | 222mb |
| DigiByte | 279mb | 262mb |
| Dogecoin | 230mb | 232mb |
| Komodo | 241mb | 222mb |
| Litecoin | 271mb | 260mb |
| Peercoin | 182mb | 277mb |
| PivX | 273mb | 271mb |
| Qtum | 279mb | 262mb |
| Vertcoin | 224mb | 272mb |
| Viacoin | 224mb | 276mb |
| Zcash | 269mb | ❌ |
| Horizen | 231mb | 277mb |
| Decred | 224mb | 257mb |
| Cardano | 222mb | ❌ |
| Celo | ❌ | 269mb |
| Axelar | 278mb | 288mb |
| Cosmos | 224mb | ❌ |
| Osmosis | 265mb | 265mb |
| Persistence | 262mb | 239mb |
| Quicksilver | 223mb | ? |
| Onomy | 222mb | ? |
| Crypto.org | 262mb | ? |
| MultiversX | 232mb | ? |
| Avalanche C-Chain | 222mb | ? |
| Binance Smart Chain | 260mb | ? |
| Polygon | 277mb | ? |
| Ethereum | 271mb | ? |
| Ethereum Classic | 262mb | ? |
| Ethereum Goerli | 272mb | ? |
| Filecoin | 276mb | ? |
| Hedera | ❌ | ? |
| NEAR | 277mb | ? |
| XRP | 257mb | ? |
| Solana | ❌ | ? |
| Stacks | 269mb | ? |
| Stellar | 288mb | ? |
| Tezos | ❌ | ? |
| Tron | 265mb | ? |
| Algorand | 239mb | ? |
| Arbitrum Goerli | 279mb | ? |
| Cronos | 226mb | ? |
| Fantom | ❌ | ? |
| Flare | 223mb | ? |
| Songbird | 224mb | ? |
| Moonbeam | 279mb | ? |
| RSK | 230mb | ? |
| Bittorent Chain | 241mb | ? |
| Kava EVM | 271mb | ? |
| Evmos EVM | 182mb | ? |
| Optimism | 273mb | ? |
| Optimism Goerli | 279mb | ? |
| Energy Web | 224mb | ? |
| Astar | 224mb | ? |
| Metis | 269mb | ? |
| Boba | 231mb | ? |
| Moonriver | 224mb | ? |
| Velas EVM | 222mb | ? |
| Syscoin | ❌ | ? |
| Polkadot | 278mb | ? |

</details>


<details><summary><b>JS Boot Time</b></summary>


| Currency |SEED1 | SEED2|
|--|--|--|
| Bitcoin |  |  |
| Bitcoin Testnet |  |  |
| Bitcoin Cash | ❌ |  |
| Bitcoin Gold |  |  |
| Dash |  |  |
| DigiByte |  |  |
| Dogecoin |  |  |
| Komodo |  |  |
| Litecoin |  |  |
| Peercoin |  |  |
| PivX |  |  |
| Qtum |  |  |
| Vertcoin |  |  |
| Viacoin |  |  |
| Zcash |  | ❌ |
| Horizen |  |  |
| Decred |  |  |
| Cardano |  | ❌ |
| Celo | ❌ |  |
| Axelar |  |  |
| Cosmos |  | ❌ |
| Osmosis |  |  |
| Persistence |  |  |
| Quicksilver |  | ? |
| Onomy |  | ? |
| Crypto.org |  | ? |
| MultiversX |  | ? |
| Avalanche C-Chain |  | ? |
| Binance Smart Chain |  | ? |
| Polygon |  | ? |
| Ethereum |  | ? |
| Ethereum Classic |  | ? |
| Ethereum Goerli |  | ? |
| Filecoin |  | ? |
| Hedera | ❌ | ? |
| NEAR |  | ? |
| XRP |  | ? |
| Solana | ❌ | ? |
| Stacks |  | ? |
| Stellar |  | ? |
| Tezos | ❌ | ? |
| Tron |  | ? |
| Algorand |  | ? |
| Arbitrum Goerli |  | ? |
| Cronos |  | ? |
| Fantom | ❌ | ? |
| Flare |  | ? |
| Songbird |  | ? |
| Moonbeam |  | ? |
| RSK |  | ? |
| Bittorent Chain |  | ? |
| Kava EVM |  | ? |
| Evmos EVM |  | ? |
| Optimism |  | ? |
| Optimism Goerli |  | ? |
| Energy Web |  | ? |
| Astar |  | ? |
| Metis |  | ? |
| Boba |  | ? |
| Moonriver |  | ? |
| Velas EVM |  | ? |
| Syscoin | ❌ | ? |
| Polkadot |  | ? |

</details>


<details><summary><b>JS Slow Frames</b></summary>


| Currency |SEED1 | SEED2| Total |
|--|--|--|--|
| **Bitcoin** family | ✅ |✅ |✅ |
| Bitcoin |  |  |✅ |
| Bitcoin Testnet |  |  |✅ |
| Bitcoin Cash | ❌ |  |✅ |
| Bitcoin Gold |  |  |✅ |
| Dash |  |  |✅ |
| DigiByte |  |  |✅ |
| Dogecoin |  |  |✅ |
| Komodo |  |  |✅ |
| Litecoin |  |  |✅ |
| Peercoin |  |  |✅ |
| PivX |  |  |✅ |
| Qtum |  |  |✅ |
| Vertcoin |  |  |✅ |
| Viacoin |  |  |✅ |
| Zcash |  | ❌ |✅ |
| Horizen |  |  |✅ |
| Decred |  |  |✅ |
| **Cardano** |  | ❌ |✅ |
| **Celo** | ❌ |  |✅ |
| **Cosmos** family | ✅ |✅ |✅ |
| Axelar |  |  |✅ |
| Cosmos |  | ❌ |✅ |
| Osmosis |  |  |✅ |
| Persistence |  |  |✅ |
| Quicksilver |  | ? |✅ |
| Onomy |  | ? |✅ |
| **Crypto.org** |  | ? |✅ |
| **MultiversX** |  | ? |✅ |
| **Ethereum** family | ✅ |✅ |✅ |
| Avalanche C-Chain |  | ? |✅ |
| Binance Smart Chain |  | ? |✅ |
| Polygon |  | ? |✅ |
| Ethereum |  | ? |✅ |
| Ethereum Classic |  | ? |✅ |
| Ethereum Goerli |  | ? |✅ |
| **Filecoin** |  | ? |✅ |
| **Hedera** | ❌ | ? |✅ |
| **NEAR** |  | ? |✅ |
| **XRP** |  | ? |✅ |
| **Solana** | ❌ | ? |✅ |
| **Stacks** |  | ? |✅ |
| **Stellar** |  | ? |✅ |
| **Tezos** | ❌ | ? |✅ |
| **Tron** |  | ? |✅ |
| **Algorand** |  | ? |✅ |
| **evm** family | ✅ |✅ |✅ |
| Arbitrum Goerli |  | ? |✅ |
| Cronos |  | ? |✅ |
| Fantom | ❌ | ? |✅ |
| Flare |  | ? |✅ |
| Songbird |  | ? |✅ |
| Moonbeam |  | ? |✅ |
| RSK |  | ? |✅ |
| Bittorent Chain |  | ? |✅ |
| Kava EVM |  | ? |✅ |
| Evmos EVM |  | ? |✅ |
| Optimism |  | ? |✅ |
| Optimism Goerli |  | ? |✅ |
| Energy Web |  | ? |✅ |
| Astar |  | ? |✅ |
| Metis |  | ? |✅ |
| Boba |  | ? |✅ |
| Moonriver |  | ? |✅ |
| Velas EVM |  | ? |✅ |
| Syscoin | ❌ | ? |✅ |
| **Polkadot** |  | ? |✅ |
| **Total** | ✅ |✅ |✅ |

</details>



# Errors
- SEED1: Bitcoin Cash: Error: scan accounts timeout for currency Bitcoin Testnet
- SEED2: cardano: Error: no app found for Polkadot. Are you sure your COINAPPS is up to date?
- SEED1: Celo: DeviceVersionUnsupported: Device app version 6.0.1 unsupported, recommended version is 5.0.
- SEED2: cosmos: TypeError: Cannot read properties of undefined (reading 'length')
- SEED1: Fantom: Error: scan accounts timeout for currency Bitcoin Testnet
- SEED1: Hedera: LedgerAPI5xx: API HTTP 503
- SEED1: Solana: Error: no app found for Polkadot. Are you sure your COINAPPS is up to date?
- SEED1: Syscoin: DeviceVersionUnsupported: Device app version 6.0.1 unsupported, recommended version is 5.0.
- SEED1: Tezos: TypeError: Cannot read properties of undefined (reading 'length')
- SEED2: ZCash: LedgerAPI5xx: API HTTP 503"
`;
